Archive member included because of file (symbol)

c:/imt_sdk_win_64/winavr/bin/../lib/gcc/avr/4.3.3/avr5\libgcc.a(_udivmodsi4.o)
                              ./HAL/LCD/LCD_Program.o (__udivmodsi4)
c:/imt_sdk_win_64/winavr/bin/../lib/gcc/avr/4.3.3/avr5\libgcc.a(_exit.o)
                              c:/imt_sdk_win_64/winavr/bin/../lib/gcc/avr/4.3.3/../../../../avr/lib/avr5/crtm32.o (exit)
c:/imt_sdk_win_64/winavr/bin/../lib/gcc/avr/4.3.3/avr5\libgcc.a(_copy_data.o)
                              ./HAL/SSD/SSD_Config.o (__do_copy_data)
c:/imt_sdk_win_64/winavr/bin/../lib/gcc/avr/4.3.3/avr5\libgcc.a(_clear_bss.o)
                              ./MCAL/TIMER1/TIM1.o (__do_clear_bss)
c:/imt_sdk_win_64/winavr/bin/../lib/gcc/avr/4.3.3/avr5\libgcc.a(_fixunssfsi.o)
                              ./HAL/LCD/LCD_Program.o (__fixunssfsi)
c:/imt_sdk_win_64/winavr/bin/../lib/gcc/avr/4.3.3/avr5\libgcc.a(_addsub_sf.o)
                              c:/imt_sdk_win_64/winavr/bin/../lib/gcc/avr/4.3.3/avr5\libgcc.a(_fixunssfsi.o) (__subsf3)
c:/imt_sdk_win_64/winavr/bin/../lib/gcc/avr/4.3.3/avr5\libgcc.a(_mul_sf.o)
                              ./HAL/LCD/LCD_Program.o (__mulsf3)
c:/imt_sdk_win_64/winavr/bin/../lib/gcc/avr/4.3.3/avr5\libgcc.a(_gt_sf.o)
                              ./HAL/LCD/LCD_Program.o (__gtsf2)
c:/imt_sdk_win_64/winavr/bin/../lib/gcc/avr/4.3.3/avr5\libgcc.a(_ge_sf.o)
                              c:/imt_sdk_win_64/winavr/bin/../lib/gcc/avr/4.3.3/avr5\libgcc.a(_fixunssfsi.o) (__gesf2)
c:/imt_sdk_win_64/winavr/bin/../lib/gcc/avr/4.3.3/avr5\libgcc.a(_lt_sf.o)
                              ./HAL/LCD/LCD_Program.o (__ltsf2)
c:/imt_sdk_win_64/winavr/bin/../lib/gcc/avr/4.3.3/avr5\libgcc.a(_sf_to_si.o)
                              c:/imt_sdk_win_64/winavr/bin/../lib/gcc/avr/4.3.3/avr5\libgcc.a(_fixunssfsi.o) (__fixsfsi)
c:/imt_sdk_win_64/winavr/bin/../lib/gcc/avr/4.3.3/avr5\libgcc.a(_thenan_sf.o)
                              c:/imt_sdk_win_64/winavr/bin/../lib/gcc/avr/4.3.3/avr5\libgcc.a(_addsub_sf.o) (__thenan_sf)
c:/imt_sdk_win_64/winavr/bin/../lib/gcc/avr/4.3.3/avr5\libgcc.a(_prologue.o)
                              c:/imt_sdk_win_64/winavr/bin/../lib/gcc/avr/4.3.3/avr5\libgcc.a(_addsub_sf.o) (__prologue_saves__)
c:/imt_sdk_win_64/winavr/bin/../lib/gcc/avr/4.3.3/avr5\libgcc.a(_epilogue.o)
                              c:/imt_sdk_win_64/winavr/bin/../lib/gcc/avr/4.3.3/avr5\libgcc.a(_addsub_sf.o) (__epilogue_restores__)
c:/imt_sdk_win_64/winavr/bin/../lib/gcc/avr/4.3.3/avr5\libgcc.a(_pack_sf.o)
                              c:/imt_sdk_win_64/winavr/bin/../lib/gcc/avr/4.3.3/avr5\libgcc.a(_addsub_sf.o) (__pack_f)
c:/imt_sdk_win_64/winavr/bin/../lib/gcc/avr/4.3.3/avr5\libgcc.a(_unpack_sf.o)
                              c:/imt_sdk_win_64/winavr/bin/../lib/gcc/avr/4.3.3/avr5\libgcc.a(_addsub_sf.o) (__unpack_f)
c:/imt_sdk_win_64/winavr/bin/../lib/gcc/avr/4.3.3/avr5\libgcc.a(_fpcmp_parts_sf.o)
                              c:/imt_sdk_win_64/winavr/bin/../lib/gcc/avr/4.3.3/avr5\libgcc.a(_gt_sf.o) (__fpcmp_parts_f)

Allocating common symbols
Common symbol       size              file

EXTINT0_pfCall      0x2               ./MCAL/EXTINT0/EXTINT0_Program.o
TIM0_pfOVFCallBack  0x2               ./MCAL/TIMER0/TIMER0_Program.o
TIM1_pfCmpBCallBack
                    0x2               ./MCAL/TIMER1/TIM1.o
TIM1_pfIcuCallBack  0x2               ./MCAL/TIMER1/TIM1.o
TIM1_pfOvfCallBack  0x2               ./MCAL/TIMER1/TIM1.o
TIM0_pfCompareCallBack
                    0x2               ./MCAL/TIMER0/TIMER0_Program.o
TIM1_pfCmpACallBack
                    0x2               ./MCAL/TIMER1/TIM1.o
ADC_u16ReadValue    0x2               ./MCAL/ADC/ADC.o

Memory Configuration

Name             Origin             Length             Attributes
text             0x00000000         0x00020000         xr
data             0x00800060         0x0000ffa0         rw !x
eeprom           0x00810000         0x00010000         rw !x
fuse             0x00820000         0x00000400         rw !x
lock             0x00830000         0x00000400         rw !x
signature        0x00840000         0x00000400         rw !x
*default*        0x00000000         0xffffffff

Linker script and memory map

LOAD c:/imt_sdk_win_64/winavr/bin/../lib/gcc/avr/4.3.3/../../../../avr/lib/avr5/crtm32.o
LOAD ./MCAL/WDT/WDT_Program.o
LOAD ./MCAL/TIMER1/TIM1.o
LOAD ./MCAL/TIMER0/TIMER0_Program.o
LOAD ./MCAL/GIE/GIE_Program.o
LOAD ./MCAL/EXTINT0/EXTINT0_Program.o
LOAD ./MCAL/DIO/DIO_Program.o
LOAD ./MCAL/ADC/ADC.o
LOAD ./HAL/SSD/SSD_Config.o
LOAD ./HAL/SSD/SSD_Program.o
LOAD ./HAL/LCD/LCD_Config.o
LOAD ./HAL/LCD/LCD_Program.o
LOAD ./HAL/Keypad/Keypad_Program.o
LOAD ./HAL/DCM/DC_Motor_Program.o
LOAD ./APP/main.o
LOAD c:/imt_sdk_win_64/winavr/bin/../lib/gcc/avr/4.3.3/avr5\libgcc.a
LOAD c:/imt_sdk_win_64/winavr/bin/../lib/gcc/avr/4.3.3/../../../../avr/lib/avr5\libc.a
LOAD c:/imt_sdk_win_64/winavr/bin/../lib/gcc/avr/4.3.3/avr5\libgcc.a

.hash
 *(.hash)

.dynsym
 *(.dynsym)

.dynstr
 *(.dynstr)

.gnu.version
 *(.gnu.version)

.gnu.version_d
 *(.gnu.version_d)

.gnu.version_r
 *(.gnu.version_r)

.rel.init
 *(.rel.init)

.rela.init
 *(.rela.init)

.rel.text
 *(.rel.text)
 *(.rel.text.*)
 *(.rel.gnu.linkonce.t*)

.rela.text
 *(.rela.text)
 *(.rela.text.*)
 *(.rela.gnu.linkonce.t*)

.rel.fini
 *(.rel.fini)

.rela.fini
 *(.rela.fini)

.rel.rodata
 *(.rel.rodata)
 *(.rel.rodata.*)
 *(.rel.gnu.linkonce.r*)

.rela.rodata
 *(.rela.rodata)
 *(.rela.rodata.*)
 *(.rela.gnu.linkonce.r*)

.rel.data
 *(.rel.data)
 *(.rel.data.*)
 *(.rel.gnu.linkonce.d*)

.rela.data
 *(.rela.data)
 *(.rela.data.*)
 *(.rela.gnu.linkonce.d*)

.rel.ctors
 *(.rel.ctors)

.rela.ctors
 *(.rela.ctors)

.rel.dtors
 *(.rel.dtors)

.rela.dtors
 *(.rela.dtors)

.rel.got
 *(.rel.got)

.rela.got
 *(.rela.got)

.rel.bss
 *(.rel.bss)

.rela.bss
 *(.rela.bss)

.rel.plt
 *(.rel.plt)

.rela.plt
 *(.rela.plt)

.text           0x00000000     0x47ce
 *(.vectors)
 .vectors       0x00000000       0x54 c:/imt_sdk_win_64/winavr/bin/../lib/gcc/avr/4.3.3/../../../../avr/lib/avr5/crtm32.o
                0x00000000                __vectors
                0x00000000                __vector_default
 *(.vectors)
 *(.progmem.gcc*)
 *(.progmem*)
                0x00000054                . = ALIGN (0x2)
                0x00000054                __trampolines_start = .
 *(.trampolines)
 .trampolines   0x00000054        0x0 linker stubs
 *(.trampolines*)
                0x00000054                __trampolines_end = .
 *(.jumptables)
 *(.jumptables*)
 *(.lowtext)
 *(.lowtext*)
                0x00000054                __ctors_start = .
 *(.ctors)
                0x00000054                __ctors_end = .
                0x00000054                __dtors_start = .
 *(.dtors)
                0x00000054                __dtors_end = .
 SORT(*)(.ctors)
 SORT(*)(.dtors)
 *(.init0)
 .init0         0x00000054        0x0 c:/imt_sdk_win_64/winavr/bin/../lib/gcc/avr/4.3.3/../../../../avr/lib/avr5/crtm32.o
                0x00000054                __init
 *(.init0)
 *(.init1)
 *(.init1)
 *(.init2)
 .init2         0x00000054        0xc c:/imt_sdk_win_64/winavr/bin/../lib/gcc/avr/4.3.3/../../../../avr/lib/avr5/crtm32.o
 *(.init2)
 *(.init3)
 *(.init3)
 *(.init4)
 .init4         0x00000060       0x16 c:/imt_sdk_win_64/winavr/bin/../lib/gcc/avr/4.3.3/avr5\libgcc.a(_copy_data.o)
                0x00000060                __do_copy_data
 .init4         0x00000076       0x10 c:/imt_sdk_win_64/winavr/bin/../lib/gcc/avr/4.3.3/avr5\libgcc.a(_clear_bss.o)
                0x00000076                __do_clear_bss
 *(.init4)
 *(.init5)
 *(.init5)
 *(.init6)
 *(.init6)
 *(.init7)
 *(.init7)
 *(.init8)
 *(.init8)
 *(.init9)
 .init9         0x00000086        0x8 c:/imt_sdk_win_64/winavr/bin/../lib/gcc/avr/4.3.3/../../../../avr/lib/avr5/crtm32.o
 *(.init9)
 *(.text)
 .text          0x0000008e        0x4 c:/imt_sdk_win_64/winavr/bin/../lib/gcc/avr/4.3.3/../../../../avr/lib/avr5/crtm32.o
                0x0000008e                __vector_12
                0x0000008e                __bad_interrupt
                0x0000008e                __vector_3
                0x0000008e                __vector_13
                0x0000008e                __vector_17
                0x0000008e                __vector_19
                0x0000008e                __vector_5
                0x0000008e                __vector_4
                0x0000008e                __vector_2
                0x0000008e                __vector_15
                0x0000008e                __vector_14
                0x0000008e                __vector_18
                0x0000008e                __vector_20
 .text          0x00000092        0x0 ./MCAL/WDT/WDT_Program.o
 .text          0x00000092        0x0 ./MCAL/TIMER1/TIM1.o
 .text          0x00000092        0x0 ./MCAL/TIMER0/TIMER0_Program.o
 .text          0x00000092        0x0 ./MCAL/GIE/GIE_Program.o
 .text          0x00000092        0x0 ./MCAL/EXTINT0/EXTINT0_Program.o
 .text          0x00000092        0x0 ./MCAL/DIO/DIO_Program.o
 .text          0x00000092        0x0 ./MCAL/ADC/ADC.o
 .text          0x00000092        0x0 ./HAL/SSD/SSD_Config.o
 .text          0x00000092        0x0 ./HAL/SSD/SSD_Program.o
 .text          0x00000092        0x0 ./HAL/LCD/LCD_Config.o
 .text          0x00000092        0x0 ./HAL/LCD/LCD_Program.o
 .text          0x00000092        0x0 ./HAL/Keypad/Keypad_Program.o
 .text          0x00000092        0x0 ./HAL/DCM/DC_Motor_Program.o
 .text          0x00000092        0x0 ./APP/main.o
 .text          0x00000092        0x0 c:/imt_sdk_win_64/winavr/bin/../lib/gcc/avr/4.3.3/avr5\libgcc.a(_udivmodsi4.o)
 .text          0x00000092        0x0 c:/imt_sdk_win_64/winavr/bin/../lib/gcc/avr/4.3.3/avr5\libgcc.a(_exit.o)
 .text          0x00000092        0x0 c:/imt_sdk_win_64/winavr/bin/../lib/gcc/avr/4.3.3/avr5\libgcc.a(_copy_data.o)
 .text          0x00000092        0x0 c:/imt_sdk_win_64/winavr/bin/../lib/gcc/avr/4.3.3/avr5\libgcc.a(_clear_bss.o)
 .text          0x00000092       0x58 c:/imt_sdk_win_64/winavr/bin/../lib/gcc/avr/4.3.3/avr5\libgcc.a(_fixunssfsi.o)
                0x00000092                __fixunssfsi
 .text          0x000000ea      0x354 c:/imt_sdk_win_64/winavr/bin/../lib/gcc/avr/4.3.3/avr5\libgcc.a(_addsub_sf.o)
                0x00000382                __subsf3
                0x000003e4                __addsf3
 .text          0x0000043e      0x1f4 c:/imt_sdk_win_64/winavr/bin/../lib/gcc/avr/4.3.3/avr5\libgcc.a(_mul_sf.o)
                0x0000043e                __mulsf3
 .text          0x00000632       0x60 c:/imt_sdk_win_64/winavr/bin/../lib/gcc/avr/4.3.3/avr5\libgcc.a(_gt_sf.o)
                0x00000632                __gtsf2
 .text          0x00000692       0x60 c:/imt_sdk_win_64/winavr/bin/../lib/gcc/avr/4.3.3/avr5\libgcc.a(_ge_sf.o)
                0x00000692                __gesf2
 .text          0x000006f2       0x60 c:/imt_sdk_win_64/winavr/bin/../lib/gcc/avr/4.3.3/avr5\libgcc.a(_lt_sf.o)
                0x000006f2                __ltsf2
 .text          0x00000752       0xa8 c:/imt_sdk_win_64/winavr/bin/../lib/gcc/avr/4.3.3/avr5\libgcc.a(_sf_to_si.o)
                0x00000752                __fixsfsi
 .text          0x000007fa        0x0 c:/imt_sdk_win_64/winavr/bin/../lib/gcc/avr/4.3.3/avr5\libgcc.a(_thenan_sf.o)
 .text          0x000007fa        0x0 c:/imt_sdk_win_64/winavr/bin/../lib/gcc/avr/4.3.3/avr5\libgcc.a(_prologue.o)
 .text          0x000007fa        0x0 c:/imt_sdk_win_64/winavr/bin/../lib/gcc/avr/4.3.3/avr5\libgcc.a(_epilogue.o)
 .text          0x000007fa      0x1aa c:/imt_sdk_win_64/winavr/bin/../lib/gcc/avr/4.3.3/avr5\libgcc.a(_pack_sf.o)
                0x000007fa                __pack_f
 .text          0x000009a4       0xf0 c:/imt_sdk_win_64/winavr/bin/../lib/gcc/avr/4.3.3/avr5\libgcc.a(_unpack_sf.o)
                0x000009a4                __unpack_f
 .text          0x00000a94       0xb2 c:/imt_sdk_win_64/winavr/bin/../lib/gcc/avr/4.3.3/avr5\libgcc.a(_fpcmp_parts_sf.o)
                0x00000a94                __fpcmp_parts_f
                0x00000b46                . = ALIGN (0x2)
 *(.text.*)
 .text.WTD_voidEnable
                0x00000b46       0x1c ./MCAL/WDT/WDT_Program.o
                0x00000b46                WTD_voidEnable
 .text.WTD_voidDisable
                0x00000b62       0x22 ./MCAL/WDT/WDT_Program.o
                0x00000b62                WTD_voidDisable
 .text.WTD_u8Sleep
                0x00000b84       0x32 ./MCAL/WDT/WDT_Program.o
                0x00000b84                WTD_u8Sleep
 .text.TIM1_voidInit
                0x00000bb6      0x12c ./MCAL/TIMER1/TIM1.o
                0x00000bb6                TIM1_voidInit
 .text.TIM1_voidEnable
                0x00000ce2       0x36 ./MCAL/TIMER1/TIM1.o
                0x00000ce2                TIM1_voidEnable
 .text.TIM1_voidDisable
                0x00000d18       0x1c ./MCAL/TIMER1/TIM1.o
                0x00000d18                TIM1_voidDisable
 .text.TIM1_voidEnableOvfInt
                0x00000d34       0x1c ./MCAL/TIMER1/TIM1.o
                0x00000d34                TIM1_voidEnableOvfInt
 .text.TIM1_voidDisableOvfInt
                0x00000d50       0x1c ./MCAL/TIMER1/TIM1.o
                0x00000d50                TIM1_voidDisableOvfInt
 .text.TIM1_voidEnableCmpAInt
                0x00000d6c       0x1c ./MCAL/TIMER1/TIM1.o
                0x00000d6c                TIM1_voidEnableCmpAInt
 .text.TIM1_voidDisableCmpAInt
                0x00000d88       0x1c ./MCAL/TIMER1/TIM1.o
                0x00000d88                TIM1_voidDisableCmpAInt
 .text.TIM1_voidEnableCmpBInt
                0x00000da4       0x1c ./MCAL/TIMER1/TIM1.o
                0x00000da4                TIM1_voidEnableCmpBInt
 .text.TIM1_voidDisableCmpBInt
                0x00000dc0       0x1c ./MCAL/TIMER1/TIM1.o
                0x00000dc0                TIM1_voidDisableCmpBInt
 .text.TIM1_voidEnableIcuInt
                0x00000ddc       0x1c ./MCAL/TIMER1/TIM1.o
                0x00000ddc                TIM1_voidEnableIcuInt
 .text.TIM1_voidDisableIcuInt
                0x00000df8       0x1c ./MCAL/TIMER1/TIM1.o
                0x00000df8                TIM1_voidDisableIcuInt
 .text.TIM1_voidSetCallbackOvfInt
                0x00000e14       0x24 ./MCAL/TIMER1/TIM1.o
                0x00000e14                TIM1_voidSetCallbackOvfInt
 .text.TIM1_voidSetCallbackCompAInt
                0x00000e38       0x24 ./MCAL/TIMER1/TIM1.o
                0x00000e38                TIM1_voidSetCallbackCompAInt
 .text.TIM1_voidSetCallbackCompBInt
                0x00000e5c       0x24 ./MCAL/TIMER1/TIM1.o
                0x00000e5c                TIM1_voidSetCallbackCompBInt
 .text.TIM1_voidSetCallbackIcuInt
                0x00000e80       0x24 ./MCAL/TIMER1/TIM1.o
                0x00000e80                TIM1_voidSetCallbackIcuInt
 .text.TIM1_voidSetTimerValue
                0x00000ea4       0x2e ./MCAL/TIMER1/TIM1.o
                0x00000ea4                TIM1_voidSetTimerValue
 .text.TIM1_voidSetCmpARegValue
                0x00000ed2       0x2e ./MCAL/TIMER1/TIM1.o
                0x00000ed2                TIM1_voidSetCmpARegValue
 .text.TIM1_voidSetCmpBRegValue
                0x00000f00       0x2e ./MCAL/TIMER1/TIM1.o
                0x00000f00                TIM1_voidSetCmpBRegValue
 .text.TIM1_voidSetIcuRegValue
                0x00000f2e       0x24 ./MCAL/TIMER1/TIM1.o
                0x00000f2e                TIM1_voidSetIcuRegValue
 .text.TIM1_u8ReadTimerValue
                0x00000f52       0x48 ./MCAL/TIMER1/TIM1.o
                0x00000f52                TIM1_u8ReadTimerValue
 .text.__vector_9
                0x00000f9a       0x5a ./MCAL/TIMER1/TIM1.o
                0x00000f9a                __vector_9
 .text.__vector_7
                0x00000ff4       0x5a ./MCAL/TIMER1/TIM1.o
                0x00000ff4                __vector_7
 .text.__vector_8
                0x0000104e       0x5a ./MCAL/TIMER1/TIM1.o
                0x0000104e                __vector_8
 .text.__vector_6
                0x000010a8       0x5a ./MCAL/TIMER1/TIM1.o
                0x000010a8                __vector_6
 .text.TIM1_u16GetIcuValue
                0x00001102       0x16 ./MCAL/TIMER1/TIM1.o
                0x00001102                TIM1_u16GetIcuValue
 .text.ICU_voidRisingEdge
                0x00001118       0x1c ./MCAL/TIMER1/TIM1.o
                0x00001118                ICU_voidRisingEdge
 .text.ICU_voidFallenEdge
                0x00001134       0x1c ./MCAL/TIMER1/TIM1.o
                0x00001134                ICU_voidFallenEdge
 .text.TIM0_voidInit
                0x00001150       0x46 ./MCAL/TIMER0/TIMER0_Program.o
                0x00001150                TIM0_voidInit
 .text.TIM0_voidEnable
                0x00001196       0x36 ./MCAL/TIMER0/TIMER0_Program.o
                0x00001196                TIM0_voidEnable
 .text.TIM0_voidDisable
                0x000011cc       0x1c ./MCAL/TIMER0/TIMER0_Program.o
                0x000011cc                TIM0_voidDisable
 .text.TIM0_voidEnableOvfInt
                0x000011e8       0x1c ./MCAL/TIMER0/TIMER0_Program.o
                0x000011e8                TIM0_voidEnableOvfInt
 .text.TIM0_voidDisableOvfInt
                0x00001204       0x1c ./MCAL/TIMER0/TIMER0_Program.o
                0x00001204                TIM0_voidDisableOvfInt
 .text.TIM0_voidEnableCompareInt
                0x00001220       0x1c ./MCAL/TIMER0/TIMER0_Program.o
                0x00001220                TIM0_voidEnableCompareInt
 .text.TIM0_voidDisableCompareInt
                0x0000123c       0x1c ./MCAL/TIMER0/TIMER0_Program.o
                0x0000123c                TIM0_voidDisableCompareInt
 .text.TIM0_voidSetCallBackOvfInt
                0x00001258       0x24 ./MCAL/TIMER0/TIMER0_Program.o
                0x00001258                TIM0_voidSetCallBackOvfInt
 .text.TIM0_voidSetCallBackCompareInt
                0x0000127c       0x24 ./MCAL/TIMER0/TIMER0_Program.o
                0x0000127c                TIM0_voidSetCallBackCompareInt
 .text.TIM0_voidSetTCNTValue
                0x000012a0       0x1c ./MCAL/TIMER0/TIMER0_Program.o
                0x000012a0                TIM0_voidSetTCNTValue
 .text.TIM0_voidSetOCRValue
                0x000012bc       0x1c ./MCAL/TIMER0/TIMER0_Program.o
                0x000012bc                TIM0_voidSetOCRValue
 .text.Tim0_u8ReadTcntReg
                0x000012d8       0x14 ./MCAL/TIMER0/TIMER0_Program.o
                0x000012d8                Tim0_u8ReadTcntReg
 .text.Tim0_u8ReadOcrReg
                0x000012ec       0x14 ./MCAL/TIMER0/TIMER0_Program.o
                0x000012ec                Tim0_u8ReadOcrReg
 .text.TIM0_voidChangeMode
                0x00001300       0xa2 ./MCAL/TIMER0/TIMER0_Program.o
                0x00001300                TIM0_voidChangeMode
 .text.__vector_11
                0x000013a2       0x5a ./MCAL/TIMER0/TIMER0_Program.o
                0x000013a2                __vector_11
 .text.__vector_10
                0x000013fc       0x5a ./MCAL/TIMER0/TIMER0_Program.o
                0x000013fc                __vector_10
 .text.GIE_voidEnable
                0x00001456       0x1c ./MCAL/GIE/GIE_Program.o
                0x00001456                GIE_voidEnable
 .text.GIE_voidDisable
                0x00001472       0x1c ./MCAL/GIE/GIE_Program.o
                0x00001472                GIE_voidDisable
 .text.EXTINTO_voidEnable
                0x0000148e       0x1c ./MCAL/EXTINT0/EXTINT0_Program.o
                0x0000148e                EXTINTO_voidEnable
 .text.EXTINTO_voidDisable
                0x000014aa       0x1c ./MCAL/EXTINT0/EXTINT0_Program.o
                0x000014aa                EXTINTO_voidDisable
 .text.EXTINT0_voidInit
                0x000014c6       0x2a ./MCAL/EXTINT0/EXTINT0_Program.o
                0x000014c6                EXTINT0_voidInit
 .text.EXTINT0_voidChangeSense
                0x000014f0       0xec ./MCAL/EXTINT0/EXTINT0_Program.o
                0x000014f0                EXTINT0_voidChangeSense
 .text.EXTINT0_voidSetCallBack
                0x000015dc       0x24 ./MCAL/EXTINT0/EXTINT0_Program.o
                0x000015dc                EXTINT0_voidSetCallBack
 .text.__vector_1
                0x00001600       0x5a ./MCAL/EXTINT0/EXTINT0_Program.o
                0x00001600                __vector_1
 .text.DIO_voidInit
                0x0000165a       0x2e ./MCAL/DIO/DIO_Program.o
                0x0000165a                DIO_voidInit
 .text.DIO_enuWritePin
                0x00001688      0x25c ./MCAL/DIO/DIO_Program.o
                0x00001688                DIO_enuWritePin
 .text.DIO_enuReadPin
                0x000018e4      0x10e ./MCAL/DIO/DIO_Program.o
                0x000018e4                DIO_enuReadPin
 .text.DIO_enuWriteGroup
                0x000019f2       0x7c ./MCAL/DIO/DIO_Program.o
                0x000019f2                DIO_enuWriteGroup
 .text.DIO_enuStatePullup
                0x00001a6e       0x20 ./MCAL/DIO/DIO_Program.o
                0x00001a6e                DIO_enuStatePullup
 .text.ADC_voidInit
                0x00001a8e       0x62 ./MCAL/ADC/ADC.o
                0x00001a8e                ADC_voidInit
 .text.ADC_voidEnable
                0x00001af0       0x1c ./MCAL/ADC/ADC.o
                0x00001af0                ADC_voidEnable
 .text.ADC_voidDisable
                0x00001b0c       0x1c ./MCAL/ADC/ADC.o
                0x00001b0c                ADC_voidDisable
 .text.ADC_voidEnableInterrupt
                0x00001b28       0x1c ./MCAL/ADC/ADC.o
                0x00001b28                ADC_voidEnableInterrupt
 .text.ADC_voidDisableInterrupt
                0x00001b44       0x1c ./MCAL/ADC/ADC.o
                0x00001b44                ADC_voidDisableInterrupt
 .text.ADC_voidSetCallback
                0x00001b60       0x24 ./MCAL/ADC/ADC.o
                0x00001b60                ADC_voidSetCallback
 .text.ADC_voidStartConversion
                0x00001b84       0x40 ./MCAL/ADC/ADC.o
                0x00001b84                ADC_voidStartConversion
 .text.ADC_voidChangeMode
                0x00001bc4       0x72 ./MCAL/ADC/ADC.o
                0x00001bc4                ADC_voidChangeMode
 .text.ADC_u16ReadSync
                0x00001c36       0x76 ./MCAL/ADC/ADC.o
                0x00001c36                ADC_u16ReadSync
 .text.ADC_u16ReadAsync
                0x00001cac       0x16 ./MCAL/ADC/ADC.o
                0x00001cac                ADC_u16ReadAsync
 .text.__vector_16
                0x00001cc2       0x9c ./MCAL/ADC/ADC.o
                0x00001cc2                __vector_16
 .text.SEV_enuDisplay
                0x00001d5e      0x104 ./HAL/SSD/SSD_Program.o
                0x00001d5e                SEV_enuDisplay
 .text.SEV_HexToBin
                0x00001e62       0x94 ./HAL/SSD/SSD_Program.o
 .text.SEV_enuEnable
                0x00001ef6       0xc4 ./HAL/SSD/SSD_Program.o
                0x00001ef6                SEV_enuEnable
 .text.SEV_enuDisable
                0x00001fba       0xc4 ./HAL/SSD/SSD_Program.o
                0x00001fba                SEV_enuDisable
 .text.LCD_voidInit
                0x0000207e     0x1090 ./HAL/LCD/LCD_Program.o
                0x0000207e                LCD_voidInit
 .text.voidWriteCmd
                0x0000310e       0x46 ./HAL/LCD/LCD_Program.o
 .text.LCDHelp  0x00003154      0x352 ./HAL/LCD/LCD_Program.o
 .text.LCD_voidSendChar
                0x000034a6      0x346 ./HAL/LCD/LCD_Program.o
                0x000034a6                LCD_voidSendChar
 .text.LCD_voidSendCommand
                0x000037ec      0x320 ./HAL/LCD/LCD_Program.o
                0x000037ec                LCD_voidSendCommand
 .text.LCD_voidSendString
                0x00003b0c       0x5a ./HAL/LCD/LCD_Program.o
                0x00003b0c                LCD_voidSendString
 .text.LCD_voidClrScr
                0x00003b66       0x1c ./HAL/LCD/LCD_Program.o
                0x00003b66                LCD_voidClrScr
 .text.LCD_voidSendNumber
                0x00003b82      0x122 ./HAL/LCD/LCD_Program.o
                0x00003b82                LCD_voidSendNumber
 .text.LCD_voidDisplayHex
                0x00003ca4       0x1e ./HAL/LCD/LCD_Program.o
                0x00003ca4                LCD_voidDisplayHex
 .text.LCD_voidMoveCourser
                0x00003cc2       0x72 ./HAL/LCD/LCD_Program.o
                0x00003cc2                LCD_voidMoveCourser
 .text.KPD_voidInit
                0x00003d34       0x4e ./HAL/Keypad/Keypad_Program.o
                0x00003d34                KPD_voidInit
 .text.KPD_u8GetPressedKey
                0x00003d82      0x108 ./HAL/Keypad/Keypad_Program.o
                0x00003d82                KPD_u8GetPressedKey
 .text.DCM_voidRotateCW
                0x00003e8a       0x1e ./HAL/DCM/DC_Motor_Program.o
                0x00003e8a                DCM_voidRotateCW
 .text.DCM_voidRotateCCW
                0x00003ea8       0x1e ./HAL/DCM/DC_Motor_Program.o
                0x00003ea8                DCM_voidRotateCCW
 .text.DCM_voidStop
                0x00003ec6       0x1e ./HAL/DCM/DC_Motor_Program.o
                0x00003ec6                DCM_voidStop
 .text.main     0x00003ee4      0x834 ./APP/main.o
                0x00003ee4                main
 .text.libgcc   0x00004718       0x44 c:/imt_sdk_win_64/winavr/bin/../lib/gcc/avr/4.3.3/avr5\libgcc.a(_udivmodsi4.o)
                0x00004718                __udivmodsi4
 .text.libgcc   0x0000475c        0x0 c:/imt_sdk_win_64/winavr/bin/../lib/gcc/avr/4.3.3/avr5\libgcc.a(_exit.o)
 .text.libgcc   0x0000475c        0x0 c:/imt_sdk_win_64/winavr/bin/../lib/gcc/avr/4.3.3/avr5\libgcc.a(_copy_data.o)
 .text.libgcc   0x0000475c        0x0 c:/imt_sdk_win_64/winavr/bin/../lib/gcc/avr/4.3.3/avr5\libgcc.a(_clear_bss.o)
 .text.libgcc   0x0000475c       0x38 c:/imt_sdk_win_64/winavr/bin/../lib/gcc/avr/4.3.3/avr5\libgcc.a(_prologue.o)
                0x0000475c                __prologue_saves__
 .text.libgcc   0x00004794       0x36 c:/imt_sdk_win_64/winavr/bin/../lib/gcc/avr/4.3.3/avr5\libgcc.a(_epilogue.o)
                0x00004794                __epilogue_restores__
                0x000047ca                . = ALIGN (0x2)
 *(.fini9)
 .fini9         0x000047ca        0x0 c:/imt_sdk_win_64/winavr/bin/../lib/gcc/avr/4.3.3/avr5\libgcc.a(_exit.o)
                0x000047ca                exit
                0x000047ca                _exit
 *(.fini9)
 *(.fini8)
 *(.fini8)
 *(.fini7)
 *(.fini7)
 *(.fini6)
 *(.fini6)
 *(.fini5)
 *(.fini5)
 *(.fini4)
 *(.fini4)
 *(.fini3)
 *(.fini3)
 *(.fini2)
 *(.fini2)
 *(.fini1)
 *(.fini1)
 *(.fini0)
 .fini0         0x000047ca        0x4 c:/imt_sdk_win_64/winavr/bin/../lib/gcc/avr/4.3.3/avr5\libgcc.a(_exit.o)
 *(.fini0)
                0x000047ce                _etext = .

.data           0x00800060       0x8a load address 0x000047ce
                0x00800060                PROVIDE (__data_start, .)
 *(.data)
 .data          0x00800060        0x0 c:/imt_sdk_win_64/winavr/bin/../lib/gcc/avr/4.3.3/../../../../avr/lib/avr5/crtm32.o
 .data          0x00800060        0x0 ./MCAL/WDT/WDT_Program.o
 .data          0x00800060        0x0 ./MCAL/TIMER1/TIM1.o
 .data          0x00800060        0x0 ./MCAL/TIMER0/TIMER0_Program.o
 .data          0x00800060        0x0 ./MCAL/GIE/GIE_Program.o
 .data          0x00800060        0x0 ./MCAL/EXTINT0/EXTINT0_Program.o
 .data          0x00800060        0x0 ./MCAL/DIO/DIO_Program.o
 .data          0x00800060        0x0 ./MCAL/ADC/ADC.o
 .data          0x00800060        0x0 ./HAL/SSD/SSD_Config.o
 .data          0x00800060        0x0 ./HAL/SSD/SSD_Program.o
 .data          0x00800060        0x0 ./HAL/LCD/LCD_Config.o
 .data          0x00800060        0x0 ./HAL/LCD/LCD_Program.o
 .data          0x00800060        0x0 ./HAL/Keypad/Keypad_Program.o
 .data          0x00800060        0x0 ./HAL/DCM/DC_Motor_Program.o
 .data          0x00800060       0x36 ./APP/main.o
 .data          0x00800096        0x0 c:/imt_sdk_win_64/winavr/bin/../lib/gcc/avr/4.3.3/avr5\libgcc.a(_udivmodsi4.o)
 .data          0x00800096        0x0 c:/imt_sdk_win_64/winavr/bin/../lib/gcc/avr/4.3.3/avr5\libgcc.a(_exit.o)
 .data          0x00800096        0x0 c:/imt_sdk_win_64/winavr/bin/../lib/gcc/avr/4.3.3/avr5\libgcc.a(_copy_data.o)
 .data          0x00800096        0x0 c:/imt_sdk_win_64/winavr/bin/../lib/gcc/avr/4.3.3/avr5\libgcc.a(_clear_bss.o)
 .data          0x00800096        0x0 c:/imt_sdk_win_64/winavr/bin/../lib/gcc/avr/4.3.3/avr5\libgcc.a(_fixunssfsi.o)
 .data          0x00800096        0x0 c:/imt_sdk_win_64/winavr/bin/../lib/gcc/avr/4.3.3/avr5\libgcc.a(_addsub_sf.o)
 .data          0x00800096        0x0 c:/imt_sdk_win_64/winavr/bin/../lib/gcc/avr/4.3.3/avr5\libgcc.a(_mul_sf.o)
 .data          0x00800096        0x0 c:/imt_sdk_win_64/winavr/bin/../lib/gcc/avr/4.3.3/avr5\libgcc.a(_gt_sf.o)
 .data          0x00800096        0x0 c:/imt_sdk_win_64/winavr/bin/../lib/gcc/avr/4.3.3/avr5\libgcc.a(_ge_sf.o)
 .data          0x00800096        0x0 c:/imt_sdk_win_64/winavr/bin/../lib/gcc/avr/4.3.3/avr5\libgcc.a(_lt_sf.o)
 .data          0x00800096        0x0 c:/imt_sdk_win_64/winavr/bin/../lib/gcc/avr/4.3.3/avr5\libgcc.a(_sf_to_si.o)
 .data          0x00800096        0x8 c:/imt_sdk_win_64/winavr/bin/../lib/gcc/avr/4.3.3/avr5\libgcc.a(_thenan_sf.o)
                0x00800096                __thenan_sf
 .data          0x0080009e        0x0 c:/imt_sdk_win_64/winavr/bin/../lib/gcc/avr/4.3.3/avr5\libgcc.a(_prologue.o)
 .data          0x0080009e        0x0 c:/imt_sdk_win_64/winavr/bin/../lib/gcc/avr/4.3.3/avr5\libgcc.a(_epilogue.o)
 .data          0x0080009e        0x0 c:/imt_sdk_win_64/winavr/bin/../lib/gcc/avr/4.3.3/avr5\libgcc.a(_pack_sf.o)
 .data          0x0080009e        0x0 c:/imt_sdk_win_64/winavr/bin/../lib/gcc/avr/4.3.3/avr5\libgcc.a(_unpack_sf.o)
 .data          0x0080009e        0x0 c:/imt_sdk_win_64/winavr/bin/../lib/gcc/avr/4.3.3/avr5\libgcc.a(_fpcmp_parts_sf.o)
 *(.data*)
 .data.SEV_ConfigSet
                0x0080009e       0x12 ./HAL/SSD/SSD_Config.o
                0x0080009e                SEV_ConfigSet
 .data.lcdarr   0x008000b0       0x18 ./HAL/LCD/LCD_Config.o
                0x008000b0                lcdarr
 .data.au8KpdArrLoc.1226
                0x008000c8       0x10 ./HAL/Keypad/Keypad_Program.o
 .data.u8KpdRowArr.1221
                0x008000d8        0x4 ./HAL/Keypad/Keypad_Program.o
 .data.u8KpdColArr.1220
                0x008000dc        0x4 ./HAL/Keypad/Keypad_Program.o
 *(.rodata)
 *(.rodata*)
 .rodata.C.0.1232
                0x008000e0        0xa ./HAL/SSD/SSD_Program.o
 *(.gnu.linkonce.d*)
                0x008000ea                . = ALIGN (0x2)
                0x008000ea                _edata = .
                0x008000ea                PROVIDE (__data_end, .)

.bss            0x008000ea       0x15
                0x008000ea                PROVIDE (__bss_start, .)
 *(.bss)
 .bss           0x008000ea        0x0 c:/imt_sdk_win_64/winavr/bin/../lib/gcc/avr/4.3.3/../../../../avr/lib/avr5/crtm32.o
 .bss           0x008000ea        0x0 ./MCAL/WDT/WDT_Program.o
 .bss           0x008000ea        0x0 ./MCAL/TIMER1/TIM1.o
 .bss           0x008000ea        0x0 ./MCAL/TIMER0/TIMER0_Program.o
 .bss           0x008000ea        0x0 ./MCAL/GIE/GIE_Program.o
 .bss           0x008000ea        0x0 ./MCAL/EXTINT0/EXTINT0_Program.o
 .bss           0x008000ea        0x0 ./MCAL/DIO/DIO_Program.o
 .bss           0x008000ea        0x0 ./MCAL/ADC/ADC.o
 .bss           0x008000ea        0x0 ./HAL/SSD/SSD_Config.o
 .bss           0x008000ea        0x0 ./HAL/SSD/SSD_Program.o
 .bss           0x008000ea        0x0 ./HAL/LCD/LCD_Config.o
 .bss           0x008000ea        0x0 ./HAL/LCD/LCD_Program.o
 .bss           0x008000ea        0x0 ./HAL/Keypad/Keypad_Program.o
 .bss           0x008000ea        0x0 ./HAL/DCM/DC_Motor_Program.o
 .bss           0x008000ea        0x0 ./APP/main.o
 .bss           0x008000ea        0x0 c:/imt_sdk_win_64/winavr/bin/../lib/gcc/avr/4.3.3/avr5\libgcc.a(_udivmodsi4.o)
 .bss           0x008000ea        0x0 c:/imt_sdk_win_64/winavr/bin/../lib/gcc/avr/4.3.3/avr5\libgcc.a(_exit.o)
 .bss           0x008000ea        0x0 c:/imt_sdk_win_64/winavr/bin/../lib/gcc/avr/4.3.3/avr5\libgcc.a(_copy_data.o)
 .bss           0x008000ea        0x0 c:/imt_sdk_win_64/winavr/bin/../lib/gcc/avr/4.3.3/avr5\libgcc.a(_clear_bss.o)
 .bss           0x008000ea        0x0 c:/imt_sdk_win_64/winavr/bin/../lib/gcc/avr/4.3.3/avr5\libgcc.a(_fixunssfsi.o)
 .bss           0x008000ea        0x0 c:/imt_sdk_win_64/winavr/bin/../lib/gcc/avr/4.3.3/avr5\libgcc.a(_addsub_sf.o)
 .bss           0x008000ea        0x0 c:/imt_sdk_win_64/winavr/bin/../lib/gcc/avr/4.3.3/avr5\libgcc.a(_mul_sf.o)
 .bss           0x008000ea        0x0 c:/imt_sdk_win_64/winavr/bin/../lib/gcc/avr/4.3.3/avr5\libgcc.a(_gt_sf.o)
 .bss           0x008000ea        0x0 c:/imt_sdk_win_64/winavr/bin/../lib/gcc/avr/4.3.3/avr5\libgcc.a(_ge_sf.o)
 .bss           0x008000ea        0x0 c:/imt_sdk_win_64/winavr/bin/../lib/gcc/avr/4.3.3/avr5\libgcc.a(_lt_sf.o)
 .bss           0x008000ea        0x0 c:/imt_sdk_win_64/winavr/bin/../lib/gcc/avr/4.3.3/avr5\libgcc.a(_sf_to_si.o)
 .bss           0x008000ea        0x0 c:/imt_sdk_win_64/winavr/bin/../lib/gcc/avr/4.3.3/avr5\libgcc.a(_thenan_sf.o)
 .bss           0x008000ea        0x0 c:/imt_sdk_win_64/winavr/bin/../lib/gcc/avr/4.3.3/avr5\libgcc.a(_prologue.o)
 .bss           0x008000ea        0x0 c:/imt_sdk_win_64/winavr/bin/../lib/gcc/avr/4.3.3/avr5\libgcc.a(_epilogue.o)
 .bss           0x008000ea        0x0 c:/imt_sdk_win_64/winavr/bin/../lib/gcc/avr/4.3.3/avr5\libgcc.a(_pack_sf.o)
 .bss           0x008000ea        0x0 c:/imt_sdk_win_64/winavr/bin/../lib/gcc/avr/4.3.3/avr5\libgcc.a(_unpack_sf.o)
 .bss           0x008000ea        0x0 c:/imt_sdk_win_64/winavr/bin/../lib/gcc/avr/4.3.3/avr5\libgcc.a(_fpcmp_parts_sf.o)
 *(.bss*)
 .bss.ADC_pfCall
                0x008000ea        0x2 ./MCAL/ADC/ADC.o
                0x008000ea                ADC_pfCall
 .bss.u8KpdPinState.1224
                0x008000ec        0x1 ./HAL/Keypad/Keypad_Program.o
 .bss.u8KpdRowIdx.1223
                0x008000ed        0x1 ./HAL/Keypad/Keypad_Program.o
 .bss.u8KpdColIdx.1222
                0x008000ee        0x1 ./HAL/Keypad/Keypad_Program.o
 *(COMMON)
 COMMON         0x008000ef        0x8 ./MCAL/TIMER1/TIM1.o
                0x008000ef                TIM1_pfCmpBCallBack
                0x008000f1                TIM1_pfIcuCallBack
                0x008000f3                TIM1_pfOvfCallBack
                0x008000f5                TIM1_pfCmpACallBack
 COMMON         0x008000f7        0x4 ./MCAL/TIMER0/TIMER0_Program.o
                0x008000f7                TIM0_pfOVFCallBack
                0x008000f9                TIM0_pfCompareCallBack
 COMMON         0x008000fb        0x2 ./MCAL/EXTINT0/EXTINT0_Program.o
                0x008000fb                EXTINT0_pfCall
 COMMON         0x008000fd        0x2 ./MCAL/ADC/ADC.o
                0x008000fd                ADC_u16ReadValue
                0x008000ff                PROVIDE (__bss_end, .)
                0x000047ce                __data_load_start = LOADADDR (.data)
                0x00004858                __data_load_end = (__data_load_start + SIZEOF (.data))

.noinit         0x008000ff        0x0
                0x008000ff                PROVIDE (__noinit_start, .)
 *(.noinit*)
                0x008000ff                PROVIDE (__noinit_end, .)
                0x008000ff                _end = .
                0x008000ff                PROVIDE (__heap_start, .)

.eeprom         0x00810000        0x0
 *(.eeprom*)
                0x00810000                __eeprom_end = .

.fuse
 *(.fuse)
 *(.lfuse)
 *(.hfuse)
 *(.efuse)

.lock
 *(.lock*)

.signature
 *(.signature*)

.stab           0x00000000     0x4c8c
 *(.stab)
 .stab          0x00000000      0x240 ./MCAL/WDT/WDT_Program.o
 .stab          0x00000240      0x8c4 ./MCAL/TIMER1/TIM1.o
                                0x8d0 (size before relaxing)
 .stab          0x00000b04      0x594 ./MCAL/TIMER0/TIMER0_Program.o
                                0x5a0 (size before relaxing)
 .stab          0x00001098      0x1e0 ./MCAL/GIE/GIE_Program.o
                                0x1ec (size before relaxing)
 .stab          0x00001278      0x348 ./MCAL/EXTINT0/EXTINT0_Program.o
                                0x354 (size before relaxing)
 .stab          0x000015c0      0x558 ./MCAL/DIO/DIO_Program.o
                                0x564 (size before relaxing)
 .stab          0x00001b18      0x4f8 ./MCAL/ADC/ADC.o
                                0x504 (size before relaxing)
 .stab          0x00002010      0x1b0 ./HAL/SSD/SSD_Config.o
                                0x1bc (size before relaxing)
 .stab          0x000021c0      0x48c ./HAL/SSD/SSD_Program.o
                                0x4b0 (size before relaxing)
 .stab          0x0000264c      0x1c8 ./HAL/LCD/LCD_Config.o
                                0x1d4 (size before relaxing)
 .stab          0x00002814     0x15c0 ./HAL/LCD/LCD_Program.o
                               0x1698 (size before relaxing)
 .stab          0x00003dd4      0x390 ./HAL/Keypad/Keypad_Program.o
                                0x39c (size before relaxing)
 .stab          0x00004164      0x234 ./HAL/DCM/DC_Motor_Program.o
                                0x240 (size before relaxing)
 .stab          0x00004398      0x8f4 ./APP/main.o
                                0xa8c (size before relaxing)

.stabstr        0x00000000     0x1ccc
 *(.stabstr)
 .stabstr       0x00000000     0x1ccc ./MCAL/WDT/WDT_Program.o

.stab.excl
 *(.stab.excl)

.stab.exclstr
 *(.stab.exclstr)

.stab.index
 *(.stab.index)

.stab.indexstr
 *(.stab.indexstr)

.comment
 *(.comment)

.debug
 *(.debug)

.line
 *(.line)

.debug_srcinfo
 *(.debug_srcinfo)

.debug_sfnames
 *(.debug_sfnames)

.debug_aranges  0x00000000      0x140
 *(.debug_aranges)
 .debug_aranges
                0x00000000       0x20 c:/imt_sdk_win_64/winavr/bin/../lib/gcc/avr/4.3.3/avr5\libgcc.a(_fixunssfsi.o)
 .debug_aranges
                0x00000020       0x20 c:/imt_sdk_win_64/winavr/bin/../lib/gcc/avr/4.3.3/avr5\libgcc.a(_addsub_sf.o)
 .debug_aranges
                0x00000040       0x20 c:/imt_sdk_win_64/winavr/bin/../lib/gcc/avr/4.3.3/avr5\libgcc.a(_mul_sf.o)
 .debug_aranges
                0x00000060       0x20 c:/imt_sdk_win_64/winavr/bin/../lib/gcc/avr/4.3.3/avr5\libgcc.a(_gt_sf.o)
 .debug_aranges
                0x00000080       0x20 c:/imt_sdk_win_64/winavr/bin/../lib/gcc/avr/4.3.3/avr5\libgcc.a(_ge_sf.o)
 .debug_aranges
                0x000000a0       0x20 c:/imt_sdk_win_64/winavr/bin/../lib/gcc/avr/4.3.3/avr5\libgcc.a(_lt_sf.o)
 .debug_aranges
                0x000000c0       0x20 c:/imt_sdk_win_64/winavr/bin/../lib/gcc/avr/4.3.3/avr5\libgcc.a(_sf_to_si.o)
 .debug_aranges
                0x000000e0       0x20 c:/imt_sdk_win_64/winavr/bin/../lib/gcc/avr/4.3.3/avr5\libgcc.a(_pack_sf.o)
 .debug_aranges
                0x00000100       0x20 c:/imt_sdk_win_64/winavr/bin/../lib/gcc/avr/4.3.3/avr5\libgcc.a(_unpack_sf.o)
 .debug_aranges
                0x00000120       0x20 c:/imt_sdk_win_64/winavr/bin/../lib/gcc/avr/4.3.3/avr5\libgcc.a(_fpcmp_parts_sf.o)

.debug_pubnames
                0x00000000      0x170
 *(.debug_pubnames)
 .debug_pubnames
                0x00000000       0x23 c:/imt_sdk_win_64/winavr/bin/../lib/gcc/avr/4.3.3/avr5\libgcc.a(_fixunssfsi.o)
 .debug_pubnames
                0x00000023       0x2c c:/imt_sdk_win_64/winavr/bin/../lib/gcc/avr/4.3.3/avr5\libgcc.a(_addsub_sf.o)
 .debug_pubnames
                0x0000004f       0x1f c:/imt_sdk_win_64/winavr/bin/../lib/gcc/avr/4.3.3/avr5\libgcc.a(_mul_sf.o)
 .debug_pubnames
                0x0000006e       0x1e c:/imt_sdk_win_64/winavr/bin/../lib/gcc/avr/4.3.3/avr5\libgcc.a(_gt_sf.o)
 .debug_pubnames
                0x0000008c       0x1e c:/imt_sdk_win_64/winavr/bin/../lib/gcc/avr/4.3.3/avr5\libgcc.a(_ge_sf.o)
 .debug_pubnames
                0x000000aa       0x1e c:/imt_sdk_win_64/winavr/bin/../lib/gcc/avr/4.3.3/avr5\libgcc.a(_lt_sf.o)
 .debug_pubnames
                0x000000c8       0x20 c:/imt_sdk_win_64/winavr/bin/../lib/gcc/avr/4.3.3/avr5\libgcc.a(_sf_to_si.o)
 .debug_pubnames
                0x000000e8       0x22 c:/imt_sdk_win_64/winavr/bin/../lib/gcc/avr/4.3.3/avr5\libgcc.a(_thenan_sf.o)
 .debug_pubnames
                0x0000010a       0x1f c:/imt_sdk_win_64/winavr/bin/../lib/gcc/avr/4.3.3/avr5\libgcc.a(_pack_sf.o)
 .debug_pubnames
                0x00000129       0x21 c:/imt_sdk_win_64/winavr/bin/../lib/gcc/avr/4.3.3/avr5\libgcc.a(_unpack_sf.o)
 .debug_pubnames
                0x0000014a       0x26 c:/imt_sdk_win_64/winavr/bin/../lib/gcc/avr/4.3.3/avr5\libgcc.a(_fpcmp_parts_sf.o)

.debug_info     0x00000000     0x1c49
 *(.debug_info)
 .debug_info    0x00000000       0xb1 c:/imt_sdk_win_64/winavr/bin/../lib/gcc/avr/4.3.3/avr5\libgcc.a(_fixunssfsi.o)
 .debug_info    0x000000b1      0x47a c:/imt_sdk_win_64/winavr/bin/../lib/gcc/avr/4.3.3/avr5\libgcc.a(_addsub_sf.o)
 .debug_info    0x0000052b      0x485 c:/imt_sdk_win_64/winavr/bin/../lib/gcc/avr/4.3.3/avr5\libgcc.a(_mul_sf.o)
 .debug_info    0x000009b0      0x27f c:/imt_sdk_win_64/winavr/bin/../lib/gcc/avr/4.3.3/avr5\libgcc.a(_gt_sf.o)
 .debug_info    0x00000c2f      0x27f c:/imt_sdk_win_64/winavr/bin/../lib/gcc/avr/4.3.3/avr5\libgcc.a(_ge_sf.o)
 .debug_info    0x00000eae      0x27f c:/imt_sdk_win_64/winavr/bin/../lib/gcc/avr/4.3.3/avr5\libgcc.a(_lt_sf.o)
 .debug_info    0x0000112d      0x2b0 c:/imt_sdk_win_64/winavr/bin/../lib/gcc/avr/4.3.3/avr5\libgcc.a(_sf_to_si.o)
 .debug_info    0x000013dd      0x12c c:/imt_sdk_win_64/winavr/bin/../lib/gcc/avr/4.3.3/avr5\libgcc.a(_thenan_sf.o)
 .debug_info    0x00001509      0x2df c:/imt_sdk_win_64/winavr/bin/../lib/gcc/avr/4.3.3/avr5\libgcc.a(_pack_sf.o)
 .debug_info    0x000017e8      0x251 c:/imt_sdk_win_64/winavr/bin/../lib/gcc/avr/4.3.3/avr5\libgcc.a(_unpack_sf.o)
 .debug_info    0x00001a39      0x210 c:/imt_sdk_win_64/winavr/bin/../lib/gcc/avr/4.3.3/avr5\libgcc.a(_fpcmp_parts_sf.o)
 *(.gnu.linkonce.wi.*)

.debug_abbrev   0x00000000      0xeeb
 *(.debug_abbrev)
 .debug_abbrev  0x00000000       0x5d c:/imt_sdk_win_64/winavr/bin/../lib/gcc/avr/4.3.3/avr5\libgcc.a(_fixunssfsi.o)
 .debug_abbrev  0x0000005d      0x1ea c:/imt_sdk_win_64/winavr/bin/../lib/gcc/avr/4.3.3/avr5\libgcc.a(_addsub_sf.o)
 .debug_abbrev  0x00000247      0x21b c:/imt_sdk_win_64/winavr/bin/../lib/gcc/avr/4.3.3/avr5\libgcc.a(_mul_sf.o)
 .debug_abbrev  0x00000462      0x15a c:/imt_sdk_win_64/winavr/bin/../lib/gcc/avr/4.3.3/avr5\libgcc.a(_gt_sf.o)
 .debug_abbrev  0x000005bc      0x15a c:/imt_sdk_win_64/winavr/bin/../lib/gcc/avr/4.3.3/avr5\libgcc.a(_ge_sf.o)
 .debug_abbrev  0x00000716      0x15a c:/imt_sdk_win_64/winavr/bin/../lib/gcc/avr/4.3.3/avr5\libgcc.a(_lt_sf.o)
 .debug_abbrev  0x00000870      0x17f c:/imt_sdk_win_64/winavr/bin/../lib/gcc/avr/4.3.3/avr5\libgcc.a(_sf_to_si.o)
 .debug_abbrev  0x000009ef       0xad c:/imt_sdk_win_64/winavr/bin/../lib/gcc/avr/4.3.3/avr5\libgcc.a(_thenan_sf.o)
 .debug_abbrev  0x00000a9c      0x1c0 c:/imt_sdk_win_64/winavr/bin/../lib/gcc/avr/4.3.3/avr5\libgcc.a(_pack_sf.o)
 .debug_abbrev  0x00000c5c      0x154 c:/imt_sdk_win_64/winavr/bin/../lib/gcc/avr/4.3.3/avr5\libgcc.a(_unpack_sf.o)
 .debug_abbrev  0x00000db0      0x13b c:/imt_sdk_win_64/winavr/bin/../lib/gcc/avr/4.3.3/avr5\libgcc.a(_fpcmp_parts_sf.o)

.debug_line     0x00000000      0xdad
 *(.debug_line)
 .debug_line    0x00000000       0xa7 c:/imt_sdk_win_64/winavr/bin/../lib/gcc/avr/4.3.3/avr5\libgcc.a(_fixunssfsi.o)
 .debug_line    0x000000a7      0x2af c:/imt_sdk_win_64/winavr/bin/../lib/gcc/avr/4.3.3/avr5\libgcc.a(_addsub_sf.o)
 .debug_line    0x00000356      0x239 c:/imt_sdk_win_64/winavr/bin/../lib/gcc/avr/4.3.3/avr5\libgcc.a(_mul_sf.o)
 .debug_line    0x0000058f       0xd3 c:/imt_sdk_win_64/winavr/bin/../lib/gcc/avr/4.3.3/avr5\libgcc.a(_gt_sf.o)
 .debug_line    0x00000662       0xd3 c:/imt_sdk_win_64/winavr/bin/../lib/gcc/avr/4.3.3/avr5\libgcc.a(_ge_sf.o)
 .debug_line    0x00000735       0xd3 c:/imt_sdk_win_64/winavr/bin/../lib/gcc/avr/4.3.3/avr5\libgcc.a(_lt_sf.o)
 .debug_line    0x00000808      0x109 c:/imt_sdk_win_64/winavr/bin/../lib/gcc/avr/4.3.3/avr5\libgcc.a(_sf_to_si.o)
 .debug_line    0x00000911       0x90 c:/imt_sdk_win_64/winavr/bin/../lib/gcc/avr/4.3.3/avr5\libgcc.a(_thenan_sf.o)
 .debug_line    0x000009a1      0x18a c:/imt_sdk_win_64/winavr/bin/../lib/gcc/avr/4.3.3/avr5\libgcc.a(_pack_sf.o)
 .debug_line    0x00000b2b      0x14b c:/imt_sdk_win_64/winavr/bin/../lib/gcc/avr/4.3.3/avr5\libgcc.a(_unpack_sf.o)
 .debug_line    0x00000c76      0x137 c:/imt_sdk_win_64/winavr/bin/../lib/gcc/avr/4.3.3/avr5\libgcc.a(_fpcmp_parts_sf.o)

.debug_frame    0x00000000      0x160
 *(.debug_frame)
 .debug_frame   0x00000000       0x20 c:/imt_sdk_win_64/winavr/bin/../lib/gcc/avr/4.3.3/avr5\libgcc.a(_fixunssfsi.o)
 .debug_frame   0x00000020       0x40 c:/imt_sdk_win_64/winavr/bin/../lib/gcc/avr/4.3.3/avr5\libgcc.a(_addsub_sf.o)
 .debug_frame   0x00000060       0x20 c:/imt_sdk_win_64/winavr/bin/../lib/gcc/avr/4.3.3/avr5\libgcc.a(_mul_sf.o)
 .debug_frame   0x00000080       0x20 c:/imt_sdk_win_64/winavr/bin/../lib/gcc/avr/4.3.3/avr5\libgcc.a(_gt_sf.o)
 .debug_frame   0x000000a0       0x20 c:/imt_sdk_win_64/winavr/bin/../lib/gcc/avr/4.3.3/avr5\libgcc.a(_ge_sf.o)
 .debug_frame   0x000000c0       0x20 c:/imt_sdk_win_64/winavr/bin/../lib/gcc/avr/4.3.3/avr5\libgcc.a(_lt_sf.o)
 .debug_frame   0x000000e0       0x20 c:/imt_sdk_win_64/winavr/bin/../lib/gcc/avr/4.3.3/avr5\libgcc.a(_sf_to_si.o)
 .debug_frame   0x00000100       0x20 c:/imt_sdk_win_64/winavr/bin/../lib/gcc/avr/4.3.3/avr5\libgcc.a(_pack_sf.o)
 .debug_frame   0x00000120       0x20 c:/imt_sdk_win_64/winavr/bin/../lib/gcc/avr/4.3.3/avr5\libgcc.a(_unpack_sf.o)
 .debug_frame   0x00000140       0x20 c:/imt_sdk_win_64/winavr/bin/../lib/gcc/avr/4.3.3/avr5\libgcc.a(_fpcmp_parts_sf.o)

.debug_str      0x00000000      0x28d
 *(.debug_str)
 .debug_str     0x00000000       0xbf c:/imt_sdk_win_64/winavr/bin/../lib/gcc/avr/4.3.3/avr5\libgcc.a(_fixunssfsi.o)
                                 0xfe (size before relaxing)
 .debug_str     0x000000bf      0x14d c:/imt_sdk_win_64/winavr/bin/../lib/gcc/avr/4.3.3/avr5\libgcc.a(_addsub_sf.o)
                                0x206 (size before relaxing)
 .debug_str     0x0000020c       0x27 c:/imt_sdk_win_64/winavr/bin/../lib/gcc/avr/4.3.3/avr5\libgcc.a(_mul_sf.o)
                                0x1bf (size before relaxing)
 .debug_str     0x00000233        0xf c:/imt_sdk_win_64/winavr/bin/../lib/gcc/avr/4.3.3/avr5\libgcc.a(_gt_sf.o)
                                0x195 (size before relaxing)
 .debug_str     0x00000242        0x8 c:/imt_sdk_win_64/winavr/bin/../lib/gcc/avr/4.3.3/avr5\libgcc.a(_ge_sf.o)
                                0x195 (size before relaxing)
 .debug_str     0x0000024a        0x8 c:/imt_sdk_win_64/winavr/bin/../lib/gcc/avr/4.3.3/avr5\libgcc.a(_lt_sf.o)
                                0x195 (size before relaxing)
 .debug_str     0x00000252        0xa c:/imt_sdk_win_64/winavr/bin/../lib/gcc/avr/4.3.3/avr5\libgcc.a(_sf_to_si.o)
                                0x19e (size before relaxing)
 .debug_str     0x00000000      0x103 c:/imt_sdk_win_64/winavr/bin/../lib/gcc/avr/4.3.3/avr5\libgcc.a(_thenan_sf.o)
 .debug_str     0x0000025c       0x16 c:/imt_sdk_win_64/winavr/bin/../lib/gcc/avr/4.3.3/avr5\libgcc.a(_pack_sf.o)
                                0x19d (size before relaxing)
 .debug_str     0x00000272        0xb c:/imt_sdk_win_64/winavr/bin/../lib/gcc/avr/4.3.3/avr5\libgcc.a(_unpack_sf.o)
                                0x17f (size before relaxing)
 .debug_str     0x0000027d       0x10 c:/imt_sdk_win_64/winavr/bin/../lib/gcc/avr/4.3.3/avr5\libgcc.a(_fpcmp_parts_sf.o)
                                0x163 (size before relaxing)

.debug_loc      0x00000000      0x7ce
 *(.debug_loc)
 .debug_loc     0x00000000       0x34 c:/imt_sdk_win_64/winavr/bin/../lib/gcc/avr/4.3.3/avr5\libgcc.a(_fixunssfsi.o)
 .debug_loc     0x00000034      0x32a c:/imt_sdk_win_64/winavr/bin/../lib/gcc/avr/4.3.3/avr5\libgcc.a(_addsub_sf.o)
 .debug_loc     0x0000035e      0x104 c:/imt_sdk_win_64/winavr/bin/../lib/gcc/avr/4.3.3/avr5\libgcc.a(_mul_sf.o)
 .debug_loc     0x00000462       0x3c c:/imt_sdk_win_64/winavr/bin/../lib/gcc/avr/4.3.3/avr5\libgcc.a(_gt_sf.o)
 .debug_loc     0x0000049e       0x3c c:/imt_sdk_win_64/winavr/bin/../lib/gcc/avr/4.3.3/avr5\libgcc.a(_ge_sf.o)
 .debug_loc     0x000004da       0x3c c:/imt_sdk_win_64/winavr/bin/../lib/gcc/avr/4.3.3/avr5\libgcc.a(_lt_sf.o)
 .debug_loc     0x00000516       0x7e c:/imt_sdk_win_64/winavr/bin/../lib/gcc/avr/4.3.3/avr5\libgcc.a(_sf_to_si.o)
 .debug_loc     0x00000594      0x13e c:/imt_sdk_win_64/winavr/bin/../lib/gcc/avr/4.3.3/avr5\libgcc.a(_pack_sf.o)
 .debug_loc     0x000006d2       0xac c:/imt_sdk_win_64/winavr/bin/../lib/gcc/avr/4.3.3/avr5\libgcc.a(_unpack_sf.o)
 .debug_loc     0x0000077e       0x50 c:/imt_sdk_win_64/winavr/bin/../lib/gcc/avr/4.3.3/avr5\libgcc.a(_fpcmp_parts_sf.o)

.debug_macinfo
 *(.debug_macinfo)
OUTPUT(MY_DRIVERS.elf elf32-avr)
LOAD linker stubs

.debug_ranges   0x00000000       0x50
 .debug_ranges  0x00000000       0x50 c:/imt_sdk_win_64/winavr/bin/../lib/gcc/avr/4.3.3/avr5\libgcc.a(_mul_sf.o)
