Archive member included because of file (symbol)

c:/imt_sdk_win_64/winavr/bin/../lib/gcc/avr/4.3.3/avr5\libgcc.a(_udivmodsi4.o)
                              ./HAL/LCD/LCD_Program.o (__udivmodsi4)
c:/imt_sdk_win_64/winavr/bin/../lib/gcc/avr/4.3.3/avr5\libgcc.a(_exit.o)
                              c:/imt_sdk_win_64/winavr/bin/../lib/gcc/avr/4.3.3/../../../../avr/lib/avr5/crtm32.o (exit)
c:/imt_sdk_win_64/winavr/bin/../lib/gcc/avr/4.3.3/avr5\libgcc.a(_copy_data.o)
                              ./HAL/SSD/SSD_Config.o (__do_copy_data)
c:/imt_sdk_win_64/winavr/bin/../lib/gcc/avr/4.3.3/avr5\libgcc.a(_clear_bss.o)
                              ./MCAL/TIMER1/TIM1.o (__do_clear_bss)

Allocating common symbols
Common symbol       size              file

EXTINT0_pfCall      0x2               ./MCAL/EXTINT0/EXTINT0_Program.o
TIM0_pfOVFCallBack  0x2               ./MCAL/TIMER0/TIMER0_Program.o
TIM1_pfCmpBCallBack
                    0x2               ./MCAL/TIMER1/TIM1.o
TIM1_pfIcuCallBack  0x2               ./MCAL/TIMER1/TIM1.o
TIM1_pfOvfCallBack  0x2               ./MCAL/TIMER1/TIM1.o
TIM0_pfCompareCallBack
                    0x2               ./MCAL/TIMER0/TIMER0_Program.o
TIM1_pfCmpACallBack
                    0x2               ./MCAL/TIMER1/TIM1.o
ADC_u16ReadValue    0x2               ./MCAL/ADC/ADC.o

Memory Configuration

Name             Origin             Length             Attributes
text             0x00000000         0x00020000         xr
data             0x00800060         0x0000ffa0         rw !x
eeprom           0x00810000         0x00010000         rw !x
fuse             0x00820000         0x00000400         rw !x
lock             0x00830000         0x00000400         rw !x
signature        0x00840000         0x00000400         rw !x
*default*        0x00000000         0xffffffff

Linker script and memory map

LOAD c:/imt_sdk_win_64/winavr/bin/../lib/gcc/avr/4.3.3/../../../../avr/lib/avr5/crtm32.o
LOAD ./MCAL/WDT/WDT_Program.o
LOAD ./MCAL/TIMER1/TIM1.o
LOAD ./MCAL/TIMER0/TIMER0_Program.o
LOAD ./MCAL/GIE/GIE_Program.o
LOAD ./MCAL/EXTINT0/EXTINT0_Program.o
LOAD ./MCAL/DIO/DIO_Program.o
LOAD ./MCAL/ADC/ADC.o
LOAD ./HAL/SSD/SSD_Config.o
LOAD ./HAL/SSD/SSD_Program.o
LOAD ./HAL/LCD/LCD_Config.o
LOAD ./HAL/LCD/LCD_Program.o
LOAD ./HAL/Keypad/Keypad_Program.o
LOAD ./HAL/DCM/DC_Motor_Program.o
LOAD ./APP/main.o
LOAD c:/imt_sdk_win_64/winavr/bin/../lib/gcc/avr/4.3.3/avr5\libgcc.a
LOAD c:/imt_sdk_win_64/winavr/bin/../lib/gcc/avr/4.3.3/../../../../avr/lib/avr5\libc.a
LOAD c:/imt_sdk_win_64/winavr/bin/../lib/gcc/avr/4.3.3/avr5\libgcc.a

.hash
 *(.hash)

.dynsym
 *(.dynsym)

.dynstr
 *(.dynstr)

.gnu.version
 *(.gnu.version)

.gnu.version_d
 *(.gnu.version_d)

.gnu.version_r
 *(.gnu.version_r)

.rel.init
 *(.rel.init)

.rela.init
 *(.rela.init)

.rel.text
 *(.rel.text)
 *(.rel.text.*)
 *(.rel.gnu.linkonce.t*)

.rela.text
 *(.rela.text)
 *(.rela.text.*)
 *(.rela.gnu.linkonce.t*)

.rel.fini
 *(.rel.fini)

.rela.fini
 *(.rela.fini)

.rel.rodata
 *(.rel.rodata)
 *(.rel.rodata.*)
 *(.rel.gnu.linkonce.r*)

.rela.rodata
 *(.rela.rodata)
 *(.rela.rodata.*)
 *(.rela.gnu.linkonce.r*)

.rel.data
 *(.rel.data)
 *(.rel.data.*)
 *(.rel.gnu.linkonce.d*)

.rela.data
 *(.rela.data)
 *(.rela.data.*)
 *(.rela.gnu.linkonce.d*)

.rel.ctors
 *(.rel.ctors)

.rela.ctors
 *(.rela.ctors)

.rel.dtors
 *(.rel.dtors)

.rela.dtors
 *(.rela.dtors)

.rel.got
 *(.rel.got)

.rela.got
 *(.rela.got)

.rel.bss
 *(.rel.bss)

.rela.bss
 *(.rela.bss)

.rel.plt
 *(.rel.plt)

.rela.plt
 *(.rela.plt)

.text           0x00000000     0x13ce
 *(.vectors)
 .vectors       0x00000000       0x54 c:/imt_sdk_win_64/winavr/bin/../lib/gcc/avr/4.3.3/../../../../avr/lib/avr5/crtm32.o
                0x00000000                __vectors
                0x00000000                __vector_default
 *(.vectors)
 *(.progmem.gcc*)
 *(.progmem*)
                0x00000054                . = ALIGN (0x2)
                0x00000054                __trampolines_start = .
 *(.trampolines)
 .trampolines   0x00000054        0x0 linker stubs
 *(.trampolines*)
                0x00000054                __trampolines_end = .
 *(.jumptables)
 *(.jumptables*)
 *(.lowtext)
 *(.lowtext*)
                0x00000054                __ctors_start = .
 *(.ctors)
                0x00000054                __ctors_end = .
                0x00000054                __dtors_start = .
 *(.dtors)
                0x00000054                __dtors_end = .
 SORT(*)(.ctors)
 SORT(*)(.dtors)
 *(.init0)
 .init0         0x00000054        0x0 c:/imt_sdk_win_64/winavr/bin/../lib/gcc/avr/4.3.3/../../../../avr/lib/avr5/crtm32.o
                0x00000054                __init
 *(.init0)
 *(.init1)
 *(.init1)
 *(.init2)
 .init2         0x00000054        0xc c:/imt_sdk_win_64/winavr/bin/../lib/gcc/avr/4.3.3/../../../../avr/lib/avr5/crtm32.o
 *(.init2)
 *(.init3)
 *(.init3)
 *(.init4)
 .init4         0x00000060       0x16 c:/imt_sdk_win_64/winavr/bin/../lib/gcc/avr/4.3.3/avr5\libgcc.a(_copy_data.o)
                0x00000060                __do_copy_data
 .init4         0x00000076       0x10 c:/imt_sdk_win_64/winavr/bin/../lib/gcc/avr/4.3.3/avr5\libgcc.a(_clear_bss.o)
                0x00000076                __do_clear_bss
 *(.init4)
 *(.init5)
 *(.init5)
 *(.init6)
 *(.init6)
 *(.init7)
 *(.init7)
 *(.init8)
 *(.init8)
 *(.init9)
 .init9         0x00000086        0x8 c:/imt_sdk_win_64/winavr/bin/../lib/gcc/avr/4.3.3/../../../../avr/lib/avr5/crtm32.o
 *(.init9)
 *(.text)
 .text          0x0000008e        0x4 c:/imt_sdk_win_64/winavr/bin/../lib/gcc/avr/4.3.3/../../../../avr/lib/avr5/crtm32.o
                0x0000008e                __vector_12
                0x0000008e                __bad_interrupt
                0x0000008e                __vector_3
                0x0000008e                __vector_13
                0x0000008e                __vector_17
                0x0000008e                __vector_19
                0x0000008e                __vector_5
                0x0000008e                __vector_4
                0x0000008e                __vector_2
                0x0000008e                __vector_15
                0x0000008e                __vector_14
                0x0000008e                __vector_18
                0x0000008e                __vector_20
 .text          0x00000092        0x0 ./MCAL/WDT/WDT_Program.o
 .text          0x00000092        0x0 ./MCAL/TIMER1/TIM1.o
 .text          0x00000092        0x0 ./MCAL/TIMER0/TIMER0_Program.o
 .text          0x00000092        0x0 ./MCAL/GIE/GIE_Program.o
 .text          0x00000092        0x0 ./MCAL/EXTINT0/EXTINT0_Program.o
 .text          0x00000092        0x0 ./MCAL/DIO/DIO_Program.o
 .text          0x00000092        0x0 ./MCAL/ADC/ADC.o
 .text          0x00000092        0x0 ./HAL/SSD/SSD_Config.o
 .text          0x00000092        0x0 ./HAL/SSD/SSD_Program.o
 .text          0x00000092        0x0 ./HAL/LCD/LCD_Config.o
 .text          0x00000092        0x0 ./HAL/LCD/LCD_Program.o
 .text          0x00000092        0x0 ./HAL/Keypad/Keypad_Program.o
 .text          0x00000092        0x0 ./HAL/DCM/DC_Motor_Program.o
 .text          0x00000092        0x0 ./APP/main.o
 .text          0x00000092        0x0 c:/imt_sdk_win_64/winavr/bin/../lib/gcc/avr/4.3.3/avr5\libgcc.a(_udivmodsi4.o)
 .text          0x00000092        0x0 c:/imt_sdk_win_64/winavr/bin/../lib/gcc/avr/4.3.3/avr5\libgcc.a(_exit.o)
 .text          0x00000092        0x0 c:/imt_sdk_win_64/winavr/bin/../lib/gcc/avr/4.3.3/avr5\libgcc.a(_copy_data.o)
 .text          0x00000092        0x0 c:/imt_sdk_win_64/winavr/bin/../lib/gcc/avr/4.3.3/avr5\libgcc.a(_clear_bss.o)
                0x00000092                . = ALIGN (0x2)
 *(.text.*)
 .text.WTD_voidEnable
                0x00000092        0x8 ./MCAL/WDT/WDT_Program.o
                0x00000092                WTD_voidEnable
 .text.WTD_voidDisable
                0x0000009a        0xa ./MCAL/WDT/WDT_Program.o
                0x0000009a                WTD_voidDisable
 .text.WTD_u8Sleep
                0x000000a4        0xe ./MCAL/WDT/WDT_Program.o
                0x000000a4                WTD_u8Sleep
 .text.TIM1_voidInit
                0x000000b2       0x78 ./MCAL/TIMER1/TIM1.o
                0x000000b2                TIM1_voidInit
 .text.TIM1_voidEnable
                0x0000012a       0x10 ./MCAL/TIMER1/TIM1.o
                0x0000012a                TIM1_voidEnable
 .text.TIM1_voidDisable
                0x0000013a        0x8 ./MCAL/TIMER1/TIM1.o
                0x0000013a                TIM1_voidDisable
 .text.TIM1_voidEnableOvfInt
                0x00000142        0x8 ./MCAL/TIMER1/TIM1.o
                0x00000142                TIM1_voidEnableOvfInt
 .text.TIM1_voidDisableOvfInt
                0x0000014a        0x8 ./MCAL/TIMER1/TIM1.o
                0x0000014a                TIM1_voidDisableOvfInt
 .text.TIM1_voidEnableCmpAInt
                0x00000152        0x8 ./MCAL/TIMER1/TIM1.o
                0x00000152                TIM1_voidEnableCmpAInt
 .text.TIM1_voidDisableCmpAInt
                0x0000015a        0x8 ./MCAL/TIMER1/TIM1.o
                0x0000015a                TIM1_voidDisableCmpAInt
 .text.TIM1_voidEnableCmpBInt
                0x00000162        0x8 ./MCAL/TIMER1/TIM1.o
                0x00000162                TIM1_voidEnableCmpBInt
 .text.TIM1_voidDisableCmpBInt
                0x0000016a        0x8 ./MCAL/TIMER1/TIM1.o
                0x0000016a                TIM1_voidDisableCmpBInt
 .text.TIM1_voidEnableIcuInt
                0x00000172        0x8 ./MCAL/TIMER1/TIM1.o
                0x00000172                TIM1_voidEnableIcuInt
 .text.TIM1_voidDisableIcuInt
                0x0000017a        0x8 ./MCAL/TIMER1/TIM1.o
                0x0000017a                TIM1_voidDisableIcuInt
 .text.TIM1_voidSetCallbackOvfInt
                0x00000182        0xa ./MCAL/TIMER1/TIM1.o
                0x00000182                TIM1_voidSetCallbackOvfInt
 .text.TIM1_voidSetCallbackCompAInt
                0x0000018c        0xa ./MCAL/TIMER1/TIM1.o
                0x0000018c                TIM1_voidSetCallbackCompAInt
 .text.TIM1_voidSetCallbackCompBInt
                0x00000196        0xa ./MCAL/TIMER1/TIM1.o
                0x00000196                TIM1_voidSetCallbackCompBInt
 .text.TIM1_voidSetCallbackIcuInt
                0x000001a0        0xa ./MCAL/TIMER1/TIM1.o
                0x000001a0                TIM1_voidSetCallbackIcuInt
 .text.TIM1_voidSetTimerValue
                0x000001aa        0x6 ./MCAL/TIMER1/TIM1.o
                0x000001aa                TIM1_voidSetTimerValue
 .text.TIM1_voidSetCmpARegValue
                0x000001b0        0x6 ./MCAL/TIMER1/TIM1.o
                0x000001b0                TIM1_voidSetCmpARegValue
 .text.TIM1_voidSetCmpBRegValue
                0x000001b6        0x6 ./MCAL/TIMER1/TIM1.o
                0x000001b6                TIM1_voidSetCmpBRegValue
 .text.TIM1_voidSetIcuRegValue
                0x000001bc        0x6 ./MCAL/TIMER1/TIM1.o
                0x000001bc                TIM1_voidSetIcuRegValue
 .text.TIM1_u8ReadTimerValue
                0x000001c2       0x12 ./MCAL/TIMER1/TIM1.o
                0x000001c2                TIM1_u8ReadTimerValue
 .text.__vector_9
                0x000001d4       0x4e ./MCAL/TIMER1/TIM1.o
                0x000001d4                __vector_9
 .text.__vector_7
                0x00000222       0x4e ./MCAL/TIMER1/TIM1.o
                0x00000222                __vector_7
 .text.__vector_8
                0x00000270       0x4e ./MCAL/TIMER1/TIM1.o
                0x00000270                __vector_8
 .text.__vector_6
                0x000002be       0x4e ./MCAL/TIMER1/TIM1.o
                0x000002be                __vector_6
 .text.TIM1_u16GetIcuValue
                0x0000030c        0x8 ./MCAL/TIMER1/TIM1.o
                0x0000030c                TIM1_u16GetIcuValue
 .text.ICU_voidRisingEdge
                0x00000314        0x8 ./MCAL/TIMER1/TIM1.o
                0x00000314                ICU_voidRisingEdge
 .text.ICU_voidFallenEdge
                0x0000031c        0x8 ./MCAL/TIMER1/TIM1.o
                0x0000031c                ICU_voidFallenEdge
 .text.TIM0_voidInit
                0x00000324       0x1a ./MCAL/TIMER0/TIMER0_Program.o
                0x00000324                TIM0_voidInit
 .text.TIM0_voidEnable
                0x0000033e       0x10 ./MCAL/TIMER0/TIMER0_Program.o
                0x0000033e                TIM0_voidEnable
 .text.TIM0_voidDisable
                0x0000034e        0x8 ./MCAL/TIMER0/TIMER0_Program.o
                0x0000034e                TIM0_voidDisable
 .text.TIM0_voidEnableOvfInt
                0x00000356        0x8 ./MCAL/TIMER0/TIMER0_Program.o
                0x00000356                TIM0_voidEnableOvfInt
 .text.TIM0_voidDisableOvfInt
                0x0000035e        0x8 ./MCAL/TIMER0/TIMER0_Program.o
                0x0000035e                TIM0_voidDisableOvfInt
 .text.TIM0_voidEnableCompareInt
                0x00000366        0x8 ./MCAL/TIMER0/TIMER0_Program.o
                0x00000366                TIM0_voidEnableCompareInt
 .text.TIM0_voidDisableCompareInt
                0x0000036e        0x8 ./MCAL/TIMER0/TIMER0_Program.o
                0x0000036e                TIM0_voidDisableCompareInt
 .text.TIM0_voidSetCallBackOvfInt
                0x00000376        0xa ./MCAL/TIMER0/TIMER0_Program.o
                0x00000376                TIM0_voidSetCallBackOvfInt
 .text.TIM0_voidSetCallBackCompareInt
                0x00000380        0xa ./MCAL/TIMER0/TIMER0_Program.o
                0x00000380                TIM0_voidSetCallBackCompareInt
 .text.TIM0_voidSetTCNTValue
                0x0000038a        0x4 ./MCAL/TIMER0/TIMER0_Program.o
                0x0000038a                TIM0_voidSetTCNTValue
 .text.TIM0_voidSetOCRValue
                0x0000038e        0x4 ./MCAL/TIMER0/TIMER0_Program.o
                0x0000038e                TIM0_voidSetOCRValue
 .text.Tim0_u8ReadTcntReg
                0x00000392        0x4 ./MCAL/TIMER0/TIMER0_Program.o
                0x00000392                Tim0_u8ReadTcntReg
 .text.Tim0_u8ReadOcrReg
                0x00000396        0x4 ./MCAL/TIMER0/TIMER0_Program.o
                0x00000396                Tim0_u8ReadOcrReg
 .text.TIM0_voidChangeMode
                0x0000039a       0x3e ./MCAL/TIMER0/TIMER0_Program.o
                0x0000039a                TIM0_voidChangeMode
 .text.__vector_11
                0x000003d8       0x4e ./MCAL/TIMER0/TIMER0_Program.o
                0x000003d8                __vector_11
 .text.__vector_10
                0x00000426       0x4e ./MCAL/TIMER0/TIMER0_Program.o
                0x00000426                __vector_10
 .text.GIE_voidEnable
                0x00000474        0x8 ./MCAL/GIE/GIE_Program.o
                0x00000474                GIE_voidEnable
 .text.GIE_voidDisable
                0x0000047c        0x8 ./MCAL/GIE/GIE_Program.o
                0x0000047c                GIE_voidDisable
 .text.EXTINTO_voidEnable
                0x00000484        0x8 ./MCAL/EXTINT0/EXTINT0_Program.o
                0x00000484                EXTINTO_voidEnable
 .text.EXTINTO_voidDisable
                0x0000048c        0x8 ./MCAL/EXTINT0/EXTINT0_Program.o
                0x0000048c                EXTINTO_voidDisable
 .text.EXTINT0_voidInit
                0x00000494        0xe ./MCAL/EXTINT0/EXTINT0_Program.o
                0x00000494                EXTINT0_voidInit
 .text.EXTINT0_voidChangeSense
                0x000004a2       0x38 ./MCAL/EXTINT0/EXTINT0_Program.o
                0x000004a2                EXTINT0_voidChangeSense
 .text.EXTINT0_voidSetCallBack
                0x000004da        0xa ./MCAL/EXTINT0/EXTINT0_Program.o
                0x000004da                EXTINT0_voidSetCallBack
 .text.__vector_1
                0x000004e4       0x4e ./MCAL/EXTINT0/EXTINT0_Program.o
                0x000004e4                __vector_1
 .text.DIO_voidInit
                0x00000532        0xe ./MCAL/DIO/DIO_Program.o
                0x00000532                DIO_voidInit
 .text.DIO_enuWritePin
                0x00000540      0x10c ./MCAL/DIO/DIO_Program.o
                0x00000540                DIO_enuWritePin
 .text.DIO_enuReadPin
                0x0000064c       0x66 ./MCAL/DIO/DIO_Program.o
                0x0000064c                DIO_enuReadPin
 .text.DIO_enuWriteGroup
                0x000006b2       0x48 ./MCAL/DIO/DIO_Program.o
                0x000006b2                DIO_enuWriteGroup
 .text.DIO_enuStatePullup
                0x000006fa        0x6 ./MCAL/DIO/DIO_Program.o
                0x000006fa                DIO_enuStatePullup
 .text.ADC_voidInit
                0x00000700       0x16 ./MCAL/ADC/ADC.o
                0x00000700                ADC_voidInit
 .text.ADC_voidEnable
                0x00000716        0x4 ./MCAL/ADC/ADC.o
                0x00000716                ADC_voidEnable
 .text.ADC_voidDisable
                0x0000071a        0x4 ./MCAL/ADC/ADC.o
                0x0000071a                ADC_voidDisable
 .text.ADC_voidEnableInterrupt
                0x0000071e        0x4 ./MCAL/ADC/ADC.o
                0x0000071e                ADC_voidEnableInterrupt
 .text.ADC_voidDisableInterrupt
                0x00000722        0x4 ./MCAL/ADC/ADC.o
                0x00000722                ADC_voidDisableInterrupt
 .text.ADC_voidSetCallback
                0x00000726        0xa ./MCAL/ADC/ADC.o
                0x00000726                ADC_voidSetCallback
 .text.ADC_voidStartConversion
                0x00000730       0x10 ./MCAL/ADC/ADC.o
                0x00000730                ADC_voidStartConversion
 .text.ADC_voidChangeMode
                0x00000740       0x24 ./MCAL/ADC/ADC.o
                0x00000740                ADC_voidChangeMode
 .text.ADC_u16ReadSync
                0x00000764       0x26 ./MCAL/ADC/ADC.o
                0x00000764                ADC_u16ReadSync
 .text.ADC_u16ReadAsync
                0x0000078a        0xa ./MCAL/ADC/ADC.o
                0x0000078a                ADC_u16ReadAsync
 .text.__vector_16
                0x00000794       0x68 ./MCAL/ADC/ADC.o
                0x00000794                __vector_16
 .text.SEV_enuDisable
                0x000007fc       0x44 ./HAL/SSD/SSD_Program.o
                0x000007fc                SEV_enuDisable
 .text.SEV_enuEnable
                0x00000840       0x44 ./HAL/SSD/SSD_Program.o
                0x00000840                SEV_enuEnable
 .text.SEV_enuDisplay
                0x00000884       0xf6 ./HAL/SSD/SSD_Program.o
                0x00000884                SEV_enuDisplay
 .text.LCD_voidDisplayHex
                0x0000097a        0x2 ./HAL/LCD/LCD_Program.o
                0x0000097a                LCD_voidDisplayHex
 .text.LCDHelp  0x0000097c      0x10c ./HAL/LCD/LCD_Program.o
 .text.voidWriteCmd
                0x00000a88       0x36 ./HAL/LCD/LCD_Program.o
 .text.LCD_voidSendCommand
                0x00000abe       0x64 ./HAL/LCD/LCD_Program.o
                0x00000abe                LCD_voidSendCommand
 .text.LCD_voidClrScr
                0x00000b22        0x8 ./HAL/LCD/LCD_Program.o
                0x00000b22                LCD_voidClrScr
 .text.LCD_voidInit
                0x00000b2a      0x184 ./HAL/LCD/LCD_Program.o
                0x00000b2a                LCD_voidInit
 .text.LCD_voidMoveCourser
                0x00000cae       0x4e ./HAL/LCD/LCD_Program.o
                0x00000cae                LCD_voidMoveCourser
 .text.LCD_voidSendChar
                0x00000cfc       0x74 ./HAL/LCD/LCD_Program.o
                0x00000cfc                LCD_voidSendChar
 .text.LCD_voidSendNumber
                0x00000d70       0xec ./HAL/LCD/LCD_Program.o
                0x00000d70                LCD_voidSendNumber
 .text.LCD_voidSendString
                0x00000e5c       0x2e ./HAL/LCD/LCD_Program.o
                0x00000e5c                LCD_voidSendString
 .text.KPD_u8GetPressedKey
                0x00000e8a       0xbe ./HAL/Keypad/Keypad_Program.o
                0x00000e8a                KPD_u8GetPressedKey
 .text.KPD_voidInit
                0x00000f48       0x42 ./HAL/Keypad/Keypad_Program.o
                0x00000f48                KPD_voidInit
 .text.DCM_voidStop
                0x00000f8a       0x12 ./HAL/DCM/DC_Motor_Program.o
                0x00000f8a                DCM_voidStop
 .text.DCM_voidRotateCCW
                0x00000f9c       0x12 ./HAL/DCM/DC_Motor_Program.o
                0x00000f9c                DCM_voidRotateCCW
 .text.DCM_voidRotateCW
                0x00000fae       0x12 ./HAL/DCM/DC_Motor_Program.o
                0x00000fae                DCM_voidRotateCW
 .text.main     0x00000fc0      0x3c6 ./APP/main.o
                0x00000fc0                main
 .text.libgcc   0x00001386       0x44 c:/imt_sdk_win_64/winavr/bin/../lib/gcc/avr/4.3.3/avr5\libgcc.a(_udivmodsi4.o)
                0x00001386                __udivmodsi4
 .text.libgcc   0x000013ca        0x0 c:/imt_sdk_win_64/winavr/bin/../lib/gcc/avr/4.3.3/avr5\libgcc.a(_exit.o)
 .text.libgcc   0x000013ca        0x0 c:/imt_sdk_win_64/winavr/bin/../lib/gcc/avr/4.3.3/avr5\libgcc.a(_copy_data.o)
 .text.libgcc   0x000013ca        0x0 c:/imt_sdk_win_64/winavr/bin/../lib/gcc/avr/4.3.3/avr5\libgcc.a(_clear_bss.o)
                0x000013ca                . = ALIGN (0x2)
 *(.fini9)
 .fini9         0x000013ca        0x0 c:/imt_sdk_win_64/winavr/bin/../lib/gcc/avr/4.3.3/avr5\libgcc.a(_exit.o)
                0x000013ca                exit
                0x000013ca                _exit
 *(.fini9)
 *(.fini8)
 *(.fini8)
 *(.fini7)
 *(.fini7)
 *(.fini6)
 *(.fini6)
 *(.fini5)
 *(.fini5)
 *(.fini4)
 *(.fini4)
 *(.fini3)
 *(.fini3)
 *(.fini2)
 *(.fini2)
 *(.fini1)
 *(.fini1)
 *(.fini0)
 .fini0         0x000013ca        0x4 c:/imt_sdk_win_64/winavr/bin/../lib/gcc/avr/4.3.3/avr5\libgcc.a(_exit.o)
 *(.fini0)
                0x000013ce                _etext = .

.data           0x00800060       0x82 load address 0x000013ce
                0x00800060                PROVIDE (__data_start, .)
 *(.data)
 .data          0x00800060        0x0 c:/imt_sdk_win_64/winavr/bin/../lib/gcc/avr/4.3.3/../../../../avr/lib/avr5/crtm32.o
 .data          0x00800060        0x0 ./MCAL/WDT/WDT_Program.o
 .data          0x00800060        0x0 ./MCAL/TIMER1/TIM1.o
 .data          0x00800060        0x0 ./MCAL/TIMER0/TIMER0_Program.o
 .data          0x00800060        0x0 ./MCAL/GIE/GIE_Program.o
 .data          0x00800060        0x0 ./MCAL/EXTINT0/EXTINT0_Program.o
 .data          0x00800060        0x0 ./MCAL/DIO/DIO_Program.o
 .data          0x00800060        0x0 ./MCAL/ADC/ADC.o
 .data          0x00800060        0x0 ./HAL/SSD/SSD_Config.o
 .data          0x00800060        0x0 ./HAL/SSD/SSD_Program.o
 .data          0x00800060        0x0 ./HAL/LCD/LCD_Config.o
 .data          0x00800060        0x0 ./HAL/LCD/LCD_Program.o
 .data          0x00800060        0x0 ./HAL/Keypad/Keypad_Program.o
 .data          0x00800060        0x0 ./HAL/DCM/DC_Motor_Program.o
 .data          0x00800060       0x36 ./APP/main.o
 .data          0x00800096        0x0 c:/imt_sdk_win_64/winavr/bin/../lib/gcc/avr/4.3.3/avr5\libgcc.a(_udivmodsi4.o)
 .data          0x00800096        0x0 c:/imt_sdk_win_64/winavr/bin/../lib/gcc/avr/4.3.3/avr5\libgcc.a(_exit.o)
 .data          0x00800096        0x0 c:/imt_sdk_win_64/winavr/bin/../lib/gcc/avr/4.3.3/avr5\libgcc.a(_copy_data.o)
 .data          0x00800096        0x0 c:/imt_sdk_win_64/winavr/bin/../lib/gcc/avr/4.3.3/avr5\libgcc.a(_clear_bss.o)
 *(.data*)
 .data.SEV_ConfigSet
                0x00800096       0x12 ./HAL/SSD/SSD_Config.o
                0x00800096                SEV_ConfigSet
 .data.lcdarr   0x008000a8       0x18 ./HAL/LCD/LCD_Config.o
                0x008000a8                lcdarr
 *(.rodata)
 *(.rodata*)
 .rodata.C.0.1232
                0x008000c0        0xa ./HAL/SSD/SSD_Program.o
 .rodata.au8KpdArrLoc.1226
                0x008000ca       0x10 ./HAL/Keypad/Keypad_Program.o
 .rodata.u8KpdRowArr.1221
                0x008000da        0x4 ./HAL/Keypad/Keypad_Program.o
 .rodata.u8KpdColArr.1220
                0x008000de        0x4 ./HAL/Keypad/Keypad_Program.o
 *(.gnu.linkonce.d*)
                0x008000e2                . = ALIGN (0x2)
                0x008000e2                _edata = .
                0x008000e2                PROVIDE (__data_end, .)

.bss            0x008000e2       0x15
                0x008000e2                PROVIDE (__bss_start, .)
 *(.bss)
 .bss           0x008000e2        0x0 c:/imt_sdk_win_64/winavr/bin/../lib/gcc/avr/4.3.3/../../../../avr/lib/avr5/crtm32.o
 .bss           0x008000e2        0x0 ./MCAL/WDT/WDT_Program.o
 .bss           0x008000e2        0x0 ./MCAL/TIMER1/TIM1.o
 .bss           0x008000e2        0x0 ./MCAL/TIMER0/TIMER0_Program.o
 .bss           0x008000e2        0x0 ./MCAL/GIE/GIE_Program.o
 .bss           0x008000e2        0x0 ./MCAL/EXTINT0/EXTINT0_Program.o
 .bss           0x008000e2        0x0 ./MCAL/DIO/DIO_Program.o
 .bss           0x008000e2        0x0 ./MCAL/ADC/ADC.o
 .bss           0x008000e2        0x0 ./HAL/SSD/SSD_Config.o
 .bss           0x008000e2        0x0 ./HAL/SSD/SSD_Program.o
 .bss           0x008000e2        0x0 ./HAL/LCD/LCD_Config.o
 .bss           0x008000e2        0x0 ./HAL/LCD/LCD_Program.o
 .bss           0x008000e2        0x0 ./HAL/Keypad/Keypad_Program.o
 .bss           0x008000e2        0x0 ./HAL/DCM/DC_Motor_Program.o
 .bss           0x008000e2        0x0 ./APP/main.o
 .bss           0x008000e2        0x0 c:/imt_sdk_win_64/winavr/bin/../lib/gcc/avr/4.3.3/avr5\libgcc.a(_udivmodsi4.o)
 .bss           0x008000e2        0x0 c:/imt_sdk_win_64/winavr/bin/../lib/gcc/avr/4.3.3/avr5\libgcc.a(_exit.o)
 .bss           0x008000e2        0x0 c:/imt_sdk_win_64/winavr/bin/../lib/gcc/avr/4.3.3/avr5\libgcc.a(_copy_data.o)
 .bss           0x008000e2        0x0 c:/imt_sdk_win_64/winavr/bin/../lib/gcc/avr/4.3.3/avr5\libgcc.a(_clear_bss.o)
 *(.bss*)
 .bss.ADC_pfCall
                0x008000e2        0x2 ./MCAL/ADC/ADC.o
                0x008000e2                ADC_pfCall
 .bss.u8KpdPinState.1224
                0x008000e4        0x1 ./HAL/Keypad/Keypad_Program.o
 .bss.u8KpdRowIdx.1223
                0x008000e5        0x1 ./HAL/Keypad/Keypad_Program.o
 .bss.u8KpdColIdx.1222
                0x008000e6        0x1 ./HAL/Keypad/Keypad_Program.o
 *(COMMON)
 COMMON         0x008000e7        0x8 ./MCAL/TIMER1/TIM1.o
                0x008000e7                TIM1_pfCmpBCallBack
                0x008000e9                TIM1_pfIcuCallBack
                0x008000eb                TIM1_pfOvfCallBack
                0x008000ed                TIM1_pfCmpACallBack
 COMMON         0x008000ef        0x4 ./MCAL/TIMER0/TIMER0_Program.o
                0x008000ef                TIM0_pfOVFCallBack
                0x008000f1                TIM0_pfCompareCallBack
 COMMON         0x008000f3        0x2 ./MCAL/EXTINT0/EXTINT0_Program.o
                0x008000f3                EXTINT0_pfCall
 COMMON         0x008000f5        0x2 ./MCAL/ADC/ADC.o
                0x008000f5                ADC_u16ReadValue
                0x008000f7                PROVIDE (__bss_end, .)
                0x000013ce                __data_load_start = LOADADDR (.data)
                0x00001450                __data_load_end = (__data_load_start + SIZEOF (.data))

.noinit         0x008000f7        0x0
                0x008000f7                PROVIDE (__noinit_start, .)
 *(.noinit*)
                0x008000f7                PROVIDE (__noinit_end, .)
                0x008000f7                _end = .
                0x008000f7                PROVIDE (__heap_start, .)

.eeprom         0x00810000        0x0
 *(.eeprom*)
                0x00810000                __eeprom_end = .

.fuse
 *(.fuse)
 *(.lfuse)
 *(.hfuse)
 *(.efuse)

.lock
 *(.lock*)

.signature
 *(.signature*)

.stab
 *(.stab)

.stabstr
 *(.stabstr)

.stab.excl
 *(.stab.excl)

.stab.exclstr
 *(.stab.exclstr)

.stab.index
 *(.stab.index)

.stab.indexstr
 *(.stab.indexstr)

.comment
 *(.comment)

.debug
 *(.debug)

.line
 *(.line)

.debug_srcinfo
 *(.debug_srcinfo)

.debug_sfnames
 *(.debug_sfnames)

.debug_aranges
 *(.debug_aranges)

.debug_pubnames
 *(.debug_pubnames)

.debug_info
 *(.debug_info)
 *(.gnu.linkonce.wi.*)

.debug_abbrev
 *(.debug_abbrev)

.debug_line
 *(.debug_line)

.debug_frame
 *(.debug_frame)

.debug_str
 *(.debug_str)

.debug_loc
 *(.debug_loc)

.debug_macinfo
 *(.debug_macinfo)
OUTPUT(MY_DRIVERS.elf elf32-avr)
LOAD linker stubs
